../Core/Src/main.c:86:6:HAL_TIM_IC_CaptureCallback	16	static
../Core/Src/main.c:98:5:main	88	static
../Core/Src/main.c:329:6:SystemClock_Config	88	static
../Core/Src/main.c:376:13:MX_I2C1_Init	8	static
../Core/Src/main.c:410:13:MX_TIM1_Init	96	static
../Core/Src/main.c:485:13:MX_TIM2_Init	56	static
../Core/Src/main.c:534:13:MX_TIM4_Init	64	static
../Core/Src/main.c:593:13:MX_USART1_UART_Init	8	static
../Core/Src/main.c:626:13:MX_GPIO_Init	56	static
../Core/Src/main.c:677:13:Motor_Control	16	static
../Core/Src/main.c:690:13:MX_TIM3_Init	48	static
../Core/Src/main.c:739:6:Error_Handler	4	static,ignoring_inline_asm
