../Core/Src/main.c:86:6:HAL_TIM_IC_CaptureCallback	16	static
../Core/Src/main.c:98:5:main	80	static
../Core/Src/main.c:323:6:SystemClock_Config	88	static
../Core/Src/main.c:370:13:MX_I2C1_Init	8	static
../Core/Src/main.c:404:13:MX_TIM1_Init	96	static
../Core/Src/main.c:479:13:MX_TIM2_Init	56	static
../Core/Src/main.c:528:13:MX_TIM4_Init	64	static
../Core/Src/main.c:587:13:MX_USART1_UART_Init	8	static
../Core/Src/main.c:620:13:MX_GPIO_Init	56	static
../Core/Src/main.c:671:13:Motor_Control	16	static
../Core/Src/main.c:684:13:MX_TIM3_Init	48	static
../Core/Src/main.c:733:6:Error_Handler	4	static,ignoring_inline_asm
