../Core/Src/main.c:84:6:HAL_TIM_IC_CaptureCallback	16	static
../Core/Src/main.c:96:5:main	80	static
../Core/Src/main.c:313:6:SystemClock_Config	88	static
../Core/Src/main.c:360:13:MX_I2C1_Init	8	static
../Core/Src/main.c:394:13:MX_TIM1_Init	96	static
../Core/Src/main.c:469:13:MX_TIM2_Init	56	static
../Core/Src/main.c:518:13:MX_TIM4_Init	64	static
../Core/Src/main.c:577:13:MX_USART1_UART_Init	8	static
../Core/Src/main.c:610:13:MX_GPIO_Init	56	static
../Core/Src/main.c:661:13:Motor_Control	16	static
../Core/Src/main.c:679:6:Error_Handler	4	static,ignoring_inline_asm
